=== HEARTBEAT 2026-06-10 06:20 UTC ===
--- Recent commits ---
3e66de8 feat(integration): mark STATUS COMPLETE in IMPLEMENTATION_PLAN.md
938568e feat(integration): fix QuestionCard type annotation
670bf5e data(ai-102): Round 3 - add 15 NLP domain questions (ai102-026 to ai102-040)
6c140d0 feat(integration): Rounds 3-7 - wire all pages, LoadingSpinner, context integration, 404.html, fix types
c2271cd feat(db): Round 6 - React hooks (useQuiz, useWrongAnswers, useProgress) + 20 unit tests passing
3b37a3e feat(integration): Round 3 - wire HomePage, LoadingSpinner, fix types/validation/dataLoader
a0b4688 feat(db): Round 5 - exportUtils with markdown export and download
89c923a feat(db): Round 4 - examEngine with generateExam, shuffle, calculateScore
4ddcfa1 feat(integration): Round 2 - QuizContext, storage, exportUtils
bfcf9e0 feat(db): Round 3 - localStorage storage utils
--- Data files ---
  data/ai-900/questions.json: parse error questions
  data/ai-102/questions.json: parse error questions
--- Source files ---
  TypeScript files: 29
  package.json: EXISTS
--- End heartbeat ---
=== HEARTBEAT 2026-06-10 06:30 UTC ===
--- Recent commits ---
3a4dfc3 test/ci: add GitHub Actions deploy workflow, DEPLOYMENT.md, validate data
23898ba data(ai-102): Round 7 - final review, docs/ai-102-knowledge-base.md, IMPLEMENTATION_PLAN update. 70 questions COMPLETE
ec4c78b data(ai-102): Round 6 - add 10 Decision Support domain questions (ai102-061 to ai102-070)
2182f87 data(ai-102): Round 5 - add 10 Generative AI domain questions (ai102-051 to ai102-060)
5066d81 feat(ui): append Frontend Agent STATUS COMPLETE to IMPLEMENTATION_PLAN.md
bc8ae66 data(ai-900): mark STATUS COMPLETE - 84 validated questions across all 5 domains
7beb3a1 data(ai-102): Round 4 - add 10 Knowledge Mining domain questions (ai102-041 to ai102-050)
37c3c3e feat(db): Round 7 complete - update IMPLEMENTATION_PLAN, 25 tests passing
3e66de8 feat(integration): mark STATUS COMPLETE in IMPLEMENTATION_PLAN.md
938568e feat(integration): fix QuestionCard type annotation
--- Data files ---
  data/ai-900/questions.json: parse error questions
  data/ai-102/questions.json: parse error questions
--- Source files ---
  TypeScript files: 29
  package.json: EXISTS
--- End heartbeat ---
=== HEARTBEAT 2026-06-10 06:40 UTC ===
--- Recent commits ---
3a4dfc3 test/ci: add GitHub Actions deploy workflow, DEPLOYMENT.md, validate data
23898ba data(ai-102): Round 7 - final review, docs/ai-102-knowledge-base.md, IMPLEMENTATION_PLAN update. 70 questions COMPLETE
ec4c78b data(ai-102): Round 6 - add 10 Decision Support domain questions (ai102-061 to ai102-070)
2182f87 data(ai-102): Round 5 - add 10 Generative AI domain questions (ai102-051 to ai102-060)
5066d81 feat(ui): append Frontend Agent STATUS COMPLETE to IMPLEMENTATION_PLAN.md
bc8ae66 data(ai-900): mark STATUS COMPLETE - 84 validated questions across all 5 domains
7beb3a1 data(ai-102): Round 4 - add 10 Knowledge Mining domain questions (ai102-041 to ai102-050)
37c3c3e feat(db): Round 7 complete - update IMPLEMENTATION_PLAN, 25 tests passing
3e66de8 feat(integration): mark STATUS COMPLETE in IMPLEMENTATION_PLAN.md
938568e feat(integration): fix QuestionCard type annotation
--- Data files ---
  data/ai-900/questions.json: parse error questions
  data/ai-102/questions.json: parse error questions
--- Source files ---
  TypeScript files: 29
  package.json: EXISTS
--- End heartbeat ---
=== HEARTBEAT 2026-06-10 06:50 UTC ===
--- Recent commits ---
3a4dfc3 test/ci: add GitHub Actions deploy workflow, DEPLOYMENT.md, validate data
23898ba data(ai-102): Round 7 - final review, docs/ai-102-knowledge-base.md, IMPLEMENTATION_PLAN update. 70 questions COMPLETE
ec4c78b data(ai-102): Round 6 - add 10 Decision Support domain questions (ai102-061 to ai102-070)
2182f87 data(ai-102): Round 5 - add 10 Generative AI domain questions (ai102-051 to ai102-060)
5066d81 feat(ui): append Frontend Agent STATUS COMPLETE to IMPLEMENTATION_PLAN.md
bc8ae66 data(ai-900): mark STATUS COMPLETE - 84 validated questions across all 5 domains
7beb3a1 data(ai-102): Round 4 - add 10 Knowledge Mining domain questions (ai102-041 to ai102-050)
37c3c3e feat(db): Round 7 complete - update IMPLEMENTATION_PLAN, 25 tests passing
3e66de8 feat(integration): mark STATUS COMPLETE in IMPLEMENTATION_PLAN.md
938568e feat(integration): fix QuestionCard type annotation
--- Data files ---
  data/ai-900/questions.json: parse error questions
  data/ai-102/questions.json: parse error questions
--- Source files ---
  TypeScript files: 29
  package.json: EXISTS
--- End heartbeat ---
=== HEARTBEAT 2026-06-10 07:00 UTC ===
--- Recent commits ---
3a4dfc3 test/ci: add GitHub Actions deploy workflow, DEPLOYMENT.md, validate data
23898ba data(ai-102): Round 7 - final review, docs/ai-102-knowledge-base.md, IMPLEMENTATION_PLAN update. 70 questions COMPLETE
ec4c78b data(ai-102): Round 6 - add 10 Decision Support domain questions (ai102-061 to ai102-070)
2182f87 data(ai-102): Round 5 - add 10 Generative AI domain questions (ai102-051 to ai102-060)
5066d81 feat(ui): append Frontend Agent STATUS COMPLETE to IMPLEMENTATION_PLAN.md
bc8ae66 data(ai-900): mark STATUS COMPLETE - 84 validated questions across all 5 domains
7beb3a1 data(ai-102): Round 4 - add 10 Knowledge Mining domain questions (ai102-041 to ai102-050)
37c3c3e feat(db): Round 7 complete - update IMPLEMENTATION_PLAN, 25 tests passing
3e66de8 feat(integration): mark STATUS COMPLETE in IMPLEMENTATION_PLAN.md
938568e feat(integration): fix QuestionCard type annotation
--- Data files ---
  data/ai-900/questions.json: parse error questions
  data/ai-102/questions.json: parse error questions
--- Source files ---
  TypeScript files: 29
  package.json: EXISTS
--- End heartbeat ---
=== HEARTBEAT 2026-06-10 07:10 UTC ===
--- Recent commits ---
3a4dfc3 test/ci: add GitHub Actions deploy workflow, DEPLOYMENT.md, validate data
23898ba data(ai-102): Round 7 - final review, docs/ai-102-knowledge-base.md, IMPLEMENTATION_PLAN update. 70 questions COMPLETE
ec4c78b data(ai-102): Round 6 - add 10 Decision Support domain questions (ai102-061 to ai102-070)
2182f87 data(ai-102): Round 5 - add 10 Generative AI domain questions (ai102-051 to ai102-060)
5066d81 feat(ui): append Frontend Agent STATUS COMPLETE to IMPLEMENTATION_PLAN.md
bc8ae66 data(ai-900): mark STATUS COMPLETE - 84 validated questions across all 5 domains
7beb3a1 data(ai-102): Round 4 - add 10 Knowledge Mining domain questions (ai102-041 to ai102-050)
37c3c3e feat(db): Round 7 complete - update IMPLEMENTATION_PLAN, 25 tests passing
3e66de8 feat(integration): mark STATUS COMPLETE in IMPLEMENTATION_PLAN.md
938568e feat(integration): fix QuestionCard type annotation
--- Data files ---
  data/ai-900/questions.json: parse error questions
  data/ai-102/questions.json: parse error questions
--- Source files ---
  TypeScript files: 29
  package.json: EXISTS
--- End heartbeat ---
=== HEARTBEAT 2026-06-10 07:20 UTC ===
--- Recent commits ---
5ff4fe0 fix(ci): add react-router-dom to package.json dependencies
3a4dfc3 test/ci: add GitHub Actions deploy workflow, DEPLOYMENT.md, validate data
23898ba data(ai-102): Round 7 - final review, docs/ai-102-knowledge-base.md, IMPLEMENTATION_PLAN update. 70 questions COMPLETE
ec4c78b data(ai-102): Round 6 - add 10 Decision Support domain questions (ai102-061 to ai102-070)
2182f87 data(ai-102): Round 5 - add 10 Generative AI domain questions (ai102-051 to ai102-060)
5066d81 feat(ui): append Frontend Agent STATUS COMPLETE to IMPLEMENTATION_PLAN.md
bc8ae66 data(ai-900): mark STATUS COMPLETE - 84 validated questions across all 5 domains
7beb3a1 data(ai-102): Round 4 - add 10 Knowledge Mining domain questions (ai102-041 to ai102-050)
37c3c3e feat(db): Round 7 complete - update IMPLEMENTATION_PLAN, 25 tests passing
3e66de8 feat(integration): mark STATUS COMPLETE in IMPLEMENTATION_PLAN.md
--- Data files ---
  data/ai-900/questions.json: parse error questions
  data/ai-102/questions.json: parse error questions
--- Source files ---
  TypeScript files: 29
  package.json: EXISTS
--- End heartbeat ---
=== HEARTBEAT 2026-06-10 07:30 UTC ===
--- Recent commits ---
5ff4fe0 fix(ci): add react-router-dom to package.json dependencies
3a4dfc3 test/ci: add GitHub Actions deploy workflow, DEPLOYMENT.md, validate data
23898ba data(ai-102): Round 7 - final review, docs/ai-102-knowledge-base.md, IMPLEMENTATION_PLAN update. 70 questions COMPLETE
ec4c78b data(ai-102): Round 6 - add 10 Decision Support domain questions (ai102-061 to ai102-070)
2182f87 data(ai-102): Round 5 - add 10 Generative AI domain questions (ai102-051 to ai102-060)
5066d81 feat(ui): append Frontend Agent STATUS COMPLETE to IMPLEMENTATION_PLAN.md
bc8ae66 data(ai-900): mark STATUS COMPLETE - 84 validated questions across all 5 domains
7beb3a1 data(ai-102): Round 4 - add 10 Knowledge Mining domain questions (ai102-041 to ai102-050)
37c3c3e feat(db): Round 7 complete - update IMPLEMENTATION_PLAN, 25 tests passing
3e66de8 feat(integration): mark STATUS COMPLETE in IMPLEMENTATION_PLAN.md
--- Data files ---
  data/ai-900/questions.json: parse error questions
  data/ai-102/questions.json: parse error questions
--- Source files ---
  TypeScript files: 29
  package.json: EXISTS
--- End heartbeat ---
=== HEARTBEAT 2026-06-10 07:40 UTC ===
--- Recent commits ---
9781674 fix(ci): remove custom domain, clear CNAME from gh-pages deploy
5ff4fe0 fix(ci): add react-router-dom to package.json dependencies
3a4dfc3 test/ci: add GitHub Actions deploy workflow, DEPLOYMENT.md, validate data
23898ba data(ai-102): Round 7 - final review, docs/ai-102-knowledge-base.md, IMPLEMENTATION_PLAN update. 70 questions COMPLETE
ec4c78b data(ai-102): Round 6 - add 10 Decision Support domain questions (ai102-061 to ai102-070)
2182f87 data(ai-102): Round 5 - add 10 Generative AI domain questions (ai102-051 to ai102-060)
5066d81 feat(ui): append Frontend Agent STATUS COMPLETE to IMPLEMENTATION_PLAN.md
bc8ae66 data(ai-900): mark STATUS COMPLETE - 84 validated questions across all 5 domains
7beb3a1 data(ai-102): Round 4 - add 10 Knowledge Mining domain questions (ai102-041 to ai102-050)
37c3c3e feat(db): Round 7 complete - update IMPLEMENTATION_PLAN, 25 tests passing
--- Data files ---
  data/ai-900/questions.json: parse error questions
  data/ai-102/questions.json: parse error questions
--- Source files ---
  TypeScript files: 29
  package.json: EXISTS
--- End heartbeat ---
=== HEARTBEAT 2026-06-10 07:50 UTC ===
--- Recent commits ---
3a334c4 ci: trigger redeploy after Pages reset
9781674 fix(ci): remove custom domain, clear CNAME from gh-pages deploy
5ff4fe0 fix(ci): add react-router-dom to package.json dependencies
3a4dfc3 test/ci: add GitHub Actions deploy workflow, DEPLOYMENT.md, validate data
23898ba data(ai-102): Round 7 - final review, docs/ai-102-knowledge-base.md, IMPLEMENTATION_PLAN update. 70 questions COMPLETE
ec4c78b data(ai-102): Round 6 - add 10 Decision Support domain questions (ai102-061 to ai102-070)
2182f87 data(ai-102): Round 5 - add 10 Generative AI domain questions (ai102-051 to ai102-060)
5066d81 feat(ui): append Frontend Agent STATUS COMPLETE to IMPLEMENTATION_PLAN.md
bc8ae66 data(ai-900): mark STATUS COMPLETE - 84 validated questions across all 5 domains
7beb3a1 data(ai-102): Round 4 - add 10 Knowledge Mining domain questions (ai102-041 to ai102-050)
--- Data files ---
  data/ai-900/questions.json: parse error questions
  data/ai-102/questions.json: parse error questions
--- Source files ---
  TypeScript files: 29
  package.json: EXISTS
--- End heartbeat ---
